// Jest Snapshot v1, https://goo.gl/fbAQLP

exports[`Card Component matches the snapshot 1`] = `
<View
  style={
    [
      {
        "backgroundColor": "#fff",
      },
      {
        "backgroundColor": "#1c1c1e",
        "borderRadius": 16,
        "padding": 12,
        "paddingTop": 24,
        "paddingVertical": 16,
        "width": 351,
      },
    ]
  }
>
  <View
    style={
      {
        "flexDirection": "row",
        "justifyContent": "space-between",
        "paddingBottom": 12,
      }
    }
  >
    <Text
      allowFontScaling={false}
      selectable={false}
      style={
        [
          {
            "color": "#54a0ff",
            "fontSize": 30,
          },
          undefined,
          {
            "fontFamily": "material-community",
            "fontStyle": "normal",
            "fontWeight": "normal",
          },
          {},
        ]
      }
    >
      ó°‹œ
    </Text>
    <Text
      style={
        [
          {
            "color": "#11181C",
          },
          undefined,
          {
            "fontSize": 32,
            "fontWeight": "bold",
            "lineHeight": 32,
          },
          undefined,
          undefined,
          undefined,
          undefined,
        ]
      }
    >
      Card Title
    </Text>
  </View>
  <Text
    style={
      [
        {
          "color": "#11181C",
        },
        undefined,
        undefined,
        undefined,
        {
          "fontSize": 20,
          "fontWeight": "bold",
        },
        undefined,
        undefined,
      ]
    }
  >
    Card Subtitle
  </Text>
</View>
`;
