// Jest Snapshot v1, https://goo.gl/fbAQLP

exports[`TodoListItem Component matches the snapshot 1`] = `
<View
  collapsable={false}
  handlerTag={3}
  handlerType="PanGestureHandler"
  onGestureHandlerEvent={[Function]}
  onGestureHandlerStateChange={[Function]}
  onLayout={[Function]}
  style={
    {
      "overflow": "hidden",
    }
  }
>
  <View
    collapsable={false}
    style={
      {
        "bottom": 0,
        "flexDirection": "row-reverse",
        "left": 0,
        "position": "absolute",
        "right": 0,
        "top": 0,
        "transform": [
          {
            "translateX": -10000,
          },
        ],
      }
    }
  >
    <View
      style={
        {
          "alignItems": "center",
          "backgroundColor": "#3C3C3C",
          "borderRadius": 16,
          "justifyContent": "center",
          "marginTop": 12,
          "width": 75,
        }
      }
    >
      <Text
        allowFontScaling={false}
        selectable={false}
        style={
          [
            {
              "color": "red",
              "fontSize": 20,
            },
            undefined,
            {
              "fontFamily": "material-community",
              "fontStyle": "normal",
              "fontWeight": "normal",
            },
            {},
          ]
        }
      >
        ó°†´
      </Text>
    </View>
    <View
      onLayout={[Function]}
    />
  </View>
  <View
    collapsable={false}
    handlerTag={4}
    handlerType="TapGestureHandler"
    onGestureHandlerEvent={[Function]}
    onGestureHandlerStateChange={[Function]}
    pointerEvents="auto"
    style={
      {
        "transform": [
          {
            "translateX": -0,
          },
        ],
      }
    }
  >
    <View
      collapsable={false}
      style={
        {
          "backgroundColor": "#151718",
          "borderRadius": 16,
          "padding": 12,
          "transform": [
            {
              "translateY": 100,
            },
          ],
        }
      }
    >
      <View
        style={
          [
            {
              "display": "flex",
            },
            {
              "alignItems": undefined,
              "alignSelf": undefined,
              "flex": undefined,
              "flexDirection": "row",
              "justifyContent": "space-between",
            },
            undefined,
          ]
        }
        testID="flexComponent"
      >
        <View
          style={
            [
              {
                "display": "flex",
              },
              {
                "alignItems": "center",
                "alignSelf": undefined,
                "flex": undefined,
                "flexDirection": "row",
                "justifyContent": undefined,
              },
              undefined,
            ]
          }
          testID="flexComponent"
        >
          <View
            accessibilityState={
              {
                "busy": undefined,
                "checked": undefined,
                "disabled": true,
                "expanded": undefined,
                "selected": undefined,
              }
            }
            accessibilityValue={
              {
                "max": undefined,
                "min": undefined,
                "now": undefined,
                "text": undefined,
              }
            }
            accessible={true}
            collapsable={false}
            focusable={true}
            onBlur={[Function]}
            onClick={[Function]}
            onFocus={[Function]}
            onResponderGrant={[Function]}
            onResponderMove={[Function]}
            onResponderRelease={[Function]}
            onResponderTerminate={[Function]}
            onResponderTerminationRequest={[Function]}
            onStartShouldSetResponder={[Function]}
            style={
              [
                {
                  "alignItems": "center",
                  "flexDirection": "row",
                },
                undefined,
              ]
            }
          >
            <View
              collapsable={false}
              style={
                {
                  "alignItems": "center",
                  "backgroundColor": "#1c1c1e",
                  "borderRadius": 10,
                  "height": 20,
                  "justifyContent": "center",
                  "transform": [
                    {
                      "scale": 1,
                    },
                  ],
                  "width": 20,
                }
              }
            >
              <View
                style={
                  [
                    {
                      "alignItems": "center",
                      "borderColor": "#54a0ff",
                      "borderRadius": 10,
                      "borderWidth": 1,
                      "height": 20,
                      "justifyContent": "center",
                      "width": 20,
                    },
                    {
                      "borderWidth": 1.5,
                    },
                  ]
                }
              />
            </View>
            <View
              style={
                [
                  {
                    "flex": 1,
                    "marginLeft": 16,
                  },
                  undefined,
                ]
              }
            >
              <Text
                style={
                  [
                    {
                      "color": "#757575",
                      "fontSize": 16,
                      "textDecorationLine": "none",
                    },
                    {
                      "color": "#fff",
                    },
                  ]
                }
              >
                Test Task
              </Text>
            </View>
          </View>
        </View>
      </View>
    </View>
  </View>
</View>
`;
