// Jest Snapshot v1, https://goo.gl/fbAQLP

exports[`Click Component matches snapshot 1`] = `
<Text>
  Test Children
</Text>
`;
