// Jest Snapshot v1, https://goo.gl/fbAQLP

exports[`WhiteSpace Component matches snapshot 1`] = `
<View
  style={
    [
      {
        "height": 12,
      },
      undefined,
    ]
  }
  testID="white-space"
/>
`;
